digraph {
  graph [rankdir="LR"]
  node [color="red"]
  edge [fontcolor="green",arrowhead="empty"]
  "urn:ann" [label="Ann"]
	"urn:bern" [label="bern",shape="rectangle"]
  "urn:ann" -> "urn:bern" [label="lives in",tooltip="urn:livesIn"]
}
